// Jest Snapshot v1, https://goo.gl/fbAQLP

exports[`should render ExpenseListItem 1`] = `
<div>
  <NavLink
    activeClassName="active"
    ariaCurrent="true"
    to="/edit/1"
  >
    <h1>
      Gum
    </h1>
  </NavLink>
  <p>
    amount:
    $1.90
    - createdAt:
    January 1st, 1970
  </p>
</div>
`;
